[    0.000000] Linux version 4.15.0-192-generic (buildd@lcy02-amd64-029) (gcc version 7.5.0 (Ubuntu 7.5.0-3ubuntu1~18.04)) #203-Ubuntu SMP Wed Aug 10 17:40:03 UTC 2022 (Ubuntu 4.15.0-192.203-generic 4.15.18)
[    0.000000] Command line: BOOT_IMAGE=/boot/vmlinuz-4.15.0-192-generic root=LABEL=cloudimg-rootfs ro console=tty1 console=ttyS0
[    0.000000] KERNEL supported cpus:
[    0.000000]   Intel GenuineIntel
[    0.000000]   AMD AuthenticAMD
[    0.000000]   Centaur CentaurHauls
[    0.000000] x86/fpu: Supporting XSAVE feature 0x001: 'x87 floating point registers'
[    0.000000] x86/fpu: Supporting XSAVE feature 0x002: 'SSE registers'
[    0.000000] x86/fpu: Supporting XSAVE feature 0x004: 'AVX registers'
[    0.000000] x86/fpu: xstate_offset[2]:  576, xstate_sizes[2]:  256
[    0.000000] x86/fpu: Enabled xstate features 0x7, context size is 832 bytes, using 'standard' format.
[    0.000000] e820: BIOS-provided physical RAM map:
[    0.000000] BIOS-e820: [mem 0x0000000000000000-0x000000000009fbff] usable
[    0.000000] BIOS-e820: [mem 0x000000000009fc00-0x000000000009ffff] reserved
[    0.000000] BIOS-e820: [mem 0x00000000000f0000-0x00000000000fffff] reserved
[    0.000000] BIOS-e820: [mem 0x0000000000100000-0x00000000817effff] usable
[    0.000000] BIOS-e820: [mem 0x00000000817f0000-0x00000000817fffff] ACPI data
[    0.000000] BIOS-e820: [mem 0x00000000fec00000-0x00000000fec00fff] reserved
[    0.000000] BIOS-e820: [mem 0x00000000fee00000-0x00000000fee00fff] reserved
[    0.000000] BIOS-e820: [mem 0x00000000fffc0000-0x00000000ffffffff] reserved
[    0.000000] NX (Execute Disable) protection: active
[    0.000000] SMBIOS 2.5 present.
[    0.000000] DMI: innotek GmbH VirtualBox/VirtualBox, BIOS VirtualBox 12/01/2006
[    0.000000] Hypervisor detected: KVM
[    0.000000] e820: last_pfn = 0x817f0 max_arch_pfn = 0x400000000
[    0.000000] MTRR: Disabled
[    0.000000] x86/PAT: MTRRs disabled, skipping PAT initialization too.
[    0.000000] CPU MTRRs all blank - virtualized system.
[    0.000000] x86/PAT: Configuration [0-7]: WB  WT  UC- UC  WB  WT  UC- UC  
[    0.000000] found SMP MP-table at [mem 0x0009fff0-0x0009ffff]
[    0.000000] Scanning 1 areas for low memory corruption
[    0.000000] RAMDISK: [mem 0x359cb000-0x36cdcfff]
[    0.000000] ACPI: Early table checksum verification disabled
[    0.000000] ACPI: RSDP 0x00000000000E0000 000024 (v02 VBOX  )
[    0.000000] ACPI: XSDT 0x00000000817F0030 00003C (v01 VBOX   VBOXXSDT 00000001 ASL  00000061)
[    0.000000] ACPI: FACP 0x00000000817F00F0 0000F4 (v04 VBOX   VBOXFACP 00000001 ASL  00000061)
[    0.000000] ACPI: DSDT 0x00000000817F0470 002325 (v02 VBOX   VBOXBIOS 00000002 INTL 20120111)
[    0.000000] ACPI: FACS 0x00000000817F0200 000040
[    0.000000] ACPI: FACS 0x00000000817F0200 000040
[    0.000000] ACPI: APIC 0x00000000817F0240 000054 (v02 VBOX   VBOXAPIC 00000001 ASL  00000061)
[    0.000000] ACPI: SSDT 0x00000000817F02A0 0001CC (v01 VBOX   VBOXCPUT 00000002 INTL 20120111)
[    0.000000] ACPI: Reserving FACP table memory at [mem 0x817f00f0-0x817f01e3]
[    0.000000] ACPI: Reserving DSDT table memory at [mem 0x817f0470-0x817f2794]
[    0.000000] ACPI: Reserving FACS table memory at [mem 0x817f0200-0x817f023f]
[    0.000000] ACPI: Reserving FACS table memory at [mem 0x817f0200-0x817f023f]
[    0.000000] ACPI: Reserving APIC table memory at [mem 0x817f0240-0x817f0293]
[    0.000000] ACPI: Reserving SSDT table memory at [mem 0x817f02a0-0x817f046b]
[    0.000000] No NUMA configuration found
[    0.000000] Faking a node at [mem 0x0000000000000000-0x00000000817effff]
[    0.000000] NODE_DATA(0) allocated [mem 0x817c5000-0x817effff]
[    0.000000] kvm-clock: cpu 0, msr 0:81744001, primary cpu clock
[    0.000000] kvm-clock: Using msrs 4b564d01 and 4b564d00
[    0.000000] kvm-clock: using sched offset of 6863171126 cycles
[    0.000000] clocksource: kvm-clock: mask: 0xffffffffffffffff max_cycles: 0x1cd42e4dffb, max_idle_ns: 881590591483 ns
[    0.000000] Zone ranges:
[    0.000000]   DMA      [mem 0x0000000000001000-0x0000000000ffffff]
[    0.000000]   DMA32    [mem 0x0000000001000000-0x00000000817effff]
[    0.000000]   Normal   empty
[    0.000000]   Device   empty
[    0.000000] Movable zone start for each node
[    0.000000] Early memory node ranges
[    0.000000]   node   0: [mem 0x0000000000001000-0x000000000009efff]
[    0.000000]   node   0: [mem 0x0000000000100000-0x00000000817effff]
[    0.000000] Reserved but unavailable: 104 pages
[    0.000000] Initmem setup node 0 [mem 0x0000000000001000-0x00000000817effff]
[    0.000000] ACPI: PM-Timer IO Port: 0x4008
[    0.000000] IOAPIC[0]: apic_id 1, version 32, address 0xfec00000, GSI 0-23
[    0.000000] ACPI: INT_SRC_OVR (bus 0 bus_irq 0 global_irq 2 dfl dfl)
[    0.000000] ACPI: INT_SRC_OVR (bus 0 bus_irq 9 global_irq 9 low level)
[    0.000000] Using ACPI (MADT) for SMP configuration information
[    0.000000] smpboot: Allowing 1 CPUs, 0 hotplug CPUs
[    0.000000] PM: Registered nosave memory: [mem 0x00000000-0x00000fff]
[    0.000000] PM: Registered nosave memory: [mem 0x0009f000-0x0009ffff]
[    0.000000] PM: Registered nosave memory: [mem 0x000a0000-0x000effff]
[    0.000000] PM: Registered nosave memory: [mem 0x000f0000-0x000fffff]
[    0.000000] e820: [mem 0x81800000-0xfebfffff] available for PCI devices
[    0.000000] Booting paravirtualized kernel on KVM
[    0.000000] clocksource: refined-jiffies: mask: 0xffffffff max_cycles: 0xffffffff, max_idle_ns: 7645519600211568 ns
[    0.000000] random: get_random_bytes called from start_kernel+0x99/0x500 with crng_init=0
[    0.000000] setup_percpu: NR_CPUS:8192 nr_cpumask_bits:1 nr_cpu_ids:1 nr_node_ids:1
[    0.000000] percpu: Embedded 50 pages/cpu s167936 r8192 d28672 u2097152
[    0.000000] PV qspinlock hash table entries: 256 (order: 0, 4096 bytes)
[    0.000000] Built 1 zonelists, mobility grouping on.  Total pages: 522009
[    0.000000] Policy zone: DMA32
[    0.000000] Kernel command line: BOOT_IMAGE=/boot/vmlinuz-4.15.0-192-generic root=LABEL=cloudimg-rootfs ro console=tty1 console=ttyS0
[    0.000000] Memory: 2037568K/2121272K available (12300K kernel code, 2484K rwdata, 4324K rodata, 2468K init, 2724K bss, 83704K reserved, 0K cma-reserved)
[    0.000000] SLUB: HWalign=64, Order=0-3, MinObjects=0, CPUs=1, Nodes=1
[    0.000000] Kernel/User page tables isolation: enabled
[    0.000000] ftrace: allocating 39482 entries in 155 pages
[    0.004000] Hierarchical RCU implementation.
[    0.004000] 	RCU restricting CPUs from NR_CPUS=8192 to nr_cpu_ids=1.
[    0.004000] 	Tasks RCU enabled.
[    0.004000] RCU: Adjusting geometry for rcu_fanout_leaf=16, nr_cpu_ids=1
[    0.004000] NR_IRQS: 524544, nr_irqs: 256, preallocated irqs: 16
[    0.004000] Console: colour VGA+ 80x25
[    0.004000] console [tty1] enabled
[    0.004000] console [ttyS0] enabled
[    0.004000] ACPI: Core revision 20170831
[    0.004000] ACPI: 2 ACPI AML tables successfully acquired and loaded
[    0.004000] APIC: Switch to symmetric I/O mode setup
[    0.004000] x2apic enabled
[    0.004000] Switched APIC routing to physical x2apic.
[    0.005263] ..TIMER: vector=0x30 apic1=0 pin1=2 apic2=-1 pin2=-1
[    0.008004] tsc: Detected 2700.000 MHz processor
[    0.016016] Calibrating delay loop (skipped) preset value.. 5400.00 BogoMIPS (lpj=10800000)
[    0.020008] pid_max: default: 32768 minimum: 301
[    0.022397] Security Framework initialized
[    0.024013] Yama: becoming mindful.
[    0.028136] AppArmor: AppArmor initialized
[    0.032177] Dentry cache hash table entries: 262144 (order: 9, 2097152 bytes)
[    0.044065] Inode-cache hash table entries: 131072 (order: 8, 1048576 bytes)
[    0.048046] Mount-cache hash table entries: 4096 (order: 3, 32768 bytes)
[    0.056014] Mountpoint-cache hash table entries: 4096 (order: 3, 32768 bytes)
[    0.060277] process: using mwait in idle threads
[    0.064012] Last level iTLB entries: 4KB 64, 2MB 8, 4MB 8
[    0.065679] Last level dTLB entries: 4KB 64, 2MB 0, 4MB 0, 1GB 4
[    0.068011] Spectre V1 : Mitigation: usercopy/swapgs barriers and __user pointer sanitization
[    0.072007] Spectre V2 : Mitigation: Retpolines
[    0.076019] Spectre V2 : Spectre v2 / SpectreRSB mitigation: Filling RSB on context switch
[    0.080012] Speculative Store Bypass: Vulnerable
[    0.084079] MDS: Mitigation: Clear CPU buffers
[    0.088008] SRBDS: Unknown: Dependent on hypervisor status
[    0.172064] Freeing SMP alternatives memory: 36K
[    0.389298] smpboot: CPU0: Intel(R) Core(TM) i5-5257U CPU @ 2.70GHz (family: 0x6, model: 0x3d, stepping: 0x4)
[    0.392390] Performance Events: unsupported p6 CPU model 61 no PMU driver, software events only.
[    0.396093] Hierarchical SRCU implementation.
[    0.399310] NMI watchdog: Perf event create on CPU 0 failed with -2
[    0.400007] NMI watchdog: Perf NMI watchdog permanently disabled
[    0.404133] smp: Bringing up secondary CPUs ...
[    0.408010] smp: Brought up 1 node, 1 CPU
[    0.412011] smpboot: Max logical packages: 1
[    0.414399] smpboot: Total of 1 processors activated (5400.00 BogoMIPS)
[    0.416583] devtmpfs: initialized
[    0.420142] x86/mm: Memory block size: 128MB
[    0.424651] evm: security.selinux
[    0.428018] evm: security.SMACK64
[    0.429390] evm: security.SMACK64EXEC
[    0.432012] evm: security.SMACK64TRANSMUTE
[    0.436009] evm: security.SMACK64MMAP
[    0.440009] evm: security.apparmor
[    0.444007] evm: security.ima
[    0.446758] evm: security.capability
[    0.448314] clocksource: jiffies: mask: 0xffffffff max_cycles: 0xffffffff, max_idle_ns: 7645041785100000 ns
[    0.452127] futex hash table entries: 256 (order: 2, 16384 bytes)
[    0.456318] pinctrl core: initialized pinctrl subsystem
[    0.460403] RTC time: 15:53:16, date: 09/09/22
[    0.464396] NET: Registered protocol family 16
[    0.468157] audit: initializing netlink subsys (disabled)
[    0.472721] cpuidle: using governor ladder
[    0.476019] audit: type=2000 audit(1662738802.849:1): state=initialized audit_enabled=0 res=1
[    0.480021] cpuidle: using governor menu
[    0.484120] ACPI: bus type PCI registered
[    0.488014] acpiphp: ACPI Hot Plug PCI Controller Driver version: 0.5
[    0.492284] PCI: Using configuration type 1 for base access
[    0.524146] HugeTLB registered 2.00 MiB page size, pre-allocated 0 pages
[    0.528787] ACPI: Added _OSI(Module Device)
[    0.532027] ACPI: Added _OSI(Processor Device)
[    0.536013] ACPI: Added _OSI(3.0 _SCP Extensions)
[    0.540018] ACPI: Added _OSI(Processor Aggregator Device)
[    0.542962] ACPI: Added _OSI(Linux-Dell-Video)
[    0.544015] ACPI: Added _OSI(Linux-Lenovo-NV-HDMI-Audio)
[    0.548013] ACPI: Added _OSI(Linux-HPI-Hybrid-Graphics)
[    0.556566] ACPI: Executed 1 blocks of module-level executable AML code
[    0.568478] ACPI: Interpreter enabled
[    0.572032] ACPI: (supports S0 S5)
[    0.576009] ACPI: Using IOAPIC for interrupt routing
[    0.577807] PCI: Using host bridge windows from ACPI; if necessary, use "pci=nocrs" and report a bug
[    0.580273] ACPI: Enabled 2 GPEs in block 00 to 07
[    0.602892] ACPI: PCI Root Bridge [PCI0] (domain 0000 [bus 00-ff])
[    0.604020] acpi PNP0A03:00: _OSC: OS supports [ASPM ClockPM Segments MSI]
[    0.608317] acpi PNP0A03:00: _OSC: not requesting OS control; OS requires [ExtendedConfig ASPM ClockPM MSI]
[    0.612026] acpi PNP0A03:00: fail to add MMCONFIG information, can't access extended PCI configuration space under this bridge.
[    0.616802] PCI host bridge to bus 0000:00
[    0.620011] pci_bus 0000:00: root bus resource [io  0x0000-0x0cf7 window]
[    0.622366] pci_bus 0000:00: root bus resource [io  0x0d00-0xffff window]
[    0.624007] pci_bus 0000:00: root bus resource [mem 0x000a0000-0x000bffff window]
[    0.628011] pci_bus 0000:00: root bus resource [mem 0x81800000-0xfdffffff window]
[    0.630498] pci_bus 0000:00: root bus resource [bus 00-ff]
[    0.639871] pci 0000:00:01.1: legacy IDE quirk: reg 0x10: [io  0x01f0-0x01f7]
[    0.640049] pci 0000:00:01.1: legacy IDE quirk: reg 0x14: [io  0x03f6]
[    0.644010] pci 0000:00:01.1: legacy IDE quirk: reg 0x18: [io  0x0170-0x0177]
[    0.648013] pci 0000:00:01.1: legacy IDE quirk: reg 0x1c: [io  0x0376]
[    0.700287] pci 0000:00:07.0: quirk: [io  0x4000-0x403f] claimed by PIIX4 ACPI
[    0.704035] pci 0000:00:07.0: quirk: [io  0x4100-0x410f] claimed by PIIX4 SMB
[    0.741803] ACPI: PCI Interrupt Link [LNKA] (IRQs 5 9 10 *11)
[    0.744613] ACPI: PCI Interrupt Link [LNKB] (IRQs 5 9 *10 11)
[    0.748196] ACPI: PCI Interrupt Link [LNKC] (IRQs 5 *9 10 11)
[    0.750243] ACPI: PCI Interrupt Link [LNKD] (IRQs 5 9 10 *11)
[    0.756294] SCSI subsystem initialized
[    0.757698] pci 0000:00:02.0: vgaarb: setting as boot VGA device
[    0.760000] pci 0000:00:02.0: vgaarb: VGA device added: decodes=io+mem,owns=io+mem,locks=none
[    0.760010] pci 0000:00:02.0: vgaarb: bridge control possible
[    0.764008] vgaarb: loaded
[    0.765097] ACPI: bus type USB registered
[    0.766563] usbcore: registered new interface driver usbfs
[    0.768031] usbcore: registered new interface driver hub
[    0.769661] usbcore: registered new device driver usb
[    0.772399] EDAC MC: Ver: 3.0.0
[    0.776769] PCI: Using ACPI for IRQ routing
[    0.780614] NetLabel: Initializing
[    0.784008] NetLabel:  domain hash size = 128
[    0.788007] NetLabel:  protocols = UNLABELED CIPSOv4 CALIPSO
[    0.792069] NetLabel:  unlabeled traffic allowed by default
[    0.794147] clocksource: Switched to clocksource kvm-clock
[    0.816503] VFS: Disk quotas dquot_6.6.0
[    0.817740] VFS: Dquot-cache hash table entries: 512 (order 0, 4096 bytes)
[    0.828601] AppArmor: AppArmor Filesystem Enabled
[    0.831397] pnp: PnP ACPI init
[    0.837187] pnp: PnP ACPI: found 3 devices
[    0.850119] clocksource: acpi_pm: mask: 0xffffff max_cycles: 0xffffff, max_idle_ns: 2085701024 ns
[    0.856686] NET: Registered protocol family 2
[    0.858227] IP idents hash table entries: 32768 (order: 6, 262144 bytes)
[    0.860933] TCP established hash table entries: 16384 (order: 5, 131072 bytes)
[    0.867772] TCP bind hash table entries: 16384 (order: 6, 262144 bytes)
[    0.871249] TCP: Hash tables configured (established 16384 bind 16384)
[    0.875474] UDP hash table entries: 1024 (order: 3, 32768 bytes)
[    0.878702] UDP-Lite hash table entries: 1024 (order: 3, 32768 bytes)
[    0.881267] NET: Registered protocol family 1
[    0.883527] pci 0000:00:00.0: Limiting direct PCI/PCI transfers
[    0.885912] pci 0000:00:01.0: Activating ISA DMA hang workarounds
[    0.890175] pci 0000:00:02.0: Video device with shadowed ROM at [mem 0x000c0000-0x000dffff]
[    0.894167] Unpacking initramfs...
[    1.379219] Freeing initrd memory: 19528K
[    1.381255] clocksource: tsc: mask: 0xffffffffffffffff max_cycles: 0x26eb3e3cc63, max_idle_ns: 440795236593 ns
[    1.388821] platform rtc_cmos: registered platform RTC device (no PNP device found)
[    1.391397] Scanning for low memory corruption every 60 seconds
[    1.393921] Initialise system trusted keyrings
[    1.396004] Key type blacklist registered
[    1.397240] workingset: timestamp_bits=36 max_order=19 bucket_order=0
[    1.399649] zbud: loaded
[    1.401128] squashfs: version 4.0 (2009/01/31) Phillip Lougher
[    1.408480] fuse init (API version 7.26)
[    1.414164] Key type asymmetric registered
[    1.416400] Asymmetric key parser 'x509' registered
[    1.417899] Block layer SCSI generic (bsg) driver version 0.4 loaded (major 246)
[    1.420533] io scheduler noop registered
[    1.422472] io scheduler deadline registered
[    1.425053] io scheduler cfq registered (default)
[    1.429766] ACPI: AC Adapter [AC] (on-line)
[    1.432150] input: Power Button as /devices/LNXSYSTM:00/LNXPWRBN:00/input/input0
[    1.441366] ACPI: Power Button [PWRF]
[    1.443502] input: Sleep Button as /devices/LNXSYSTM:00/LNXSLPBN:00/input/input1
[    1.450206] ACPI: Sleep Button [SLPF]
[    1.456868] Serial: 8250/16550 driver, 32 ports, IRQ sharing enabled
[    1.481766] ACPI: Battery Slot [BAT0] (battery present)
[    1.491823] 00:02: ttyS0 at I/O 0x3f8 (irq = 4, base_baud = 115200) is a 16550A
[    1.501534] Linux agpgart interface v0.103
[    1.522800] loop: module loaded
[    1.525203] scsi host0: ata_piix
[    1.529177] scsi host1: ata_piix
[    1.532236] ata1: PATA max UDMA/33 cmd 0x1f0 ctl 0x3f6 bmdma 0xd000 irq 14
[    1.542600] ata2: PATA max UDMA/33 cmd 0x170 ctl 0x376 bmdma 0xd008 irq 15
[    1.571267] tun: Universal TUN/TAP device driver, 1.6
[    1.579253] PPP generic driver version 2.4.2
[    1.582924] ehci_hcd: USB 2.0 'Enhanced' Host Controller (EHCI) Driver
[    1.586009] ehci-pci: EHCI PCI platform driver
[    1.599464] ehci-platform: EHCI generic platform driver
[    1.616885] ohci_hcd: USB 1.1 'Open' Host Controller (OHCI) Driver
[    1.628747] ohci-pci: OHCI PCI platform driver
[    1.633450] ohci-platform: OHCI generic platform driver
[    1.639698] uhci_hcd: USB Universal Host Controller Interface driver
[    1.645429] i8042: PNP: PS/2 Controller [PNP0303:PS2K,PNP0f03:PS2M] at 0x60,0x64 irq 1,12
[    1.652201] serio: i8042 KBD port at 0x60,0x64 irq 1
[    1.669695] serio: i8042 AUX port at 0x60,0x64 irq 12
[    1.677724] mousedev: PS/2 mouse device common for all mice
[    1.684808] input: AT Translated Set 2 keyboard as /devices/platform/i8042/serio0/input/input2
[    1.697785] rtc_cmos rtc_cmos: rtc core: registered rtc_cmos as rtc0
[    1.705483] rtc_cmos rtc_cmos: alarms up to one day, 114 bytes nvram
[    1.708759] i2c /dev entries driver
[    1.709880] device-mapper: uevent: version 1.0.3
[    1.711104] device-mapper: ioctl: 4.37.0-ioctl (2017-09-20) initialised: dm-devel@redhat.com
[    1.757839] ledtrig-cpu: registered to indicate activity on CPUs
[    1.760265] NET: Registered protocol family 10
[    1.765824] Segment Routing with IPv6
[    1.767981] NET: Registered protocol family 17
[    1.779498] Key type dns_resolver registered
[    1.788319] mce: Using 0 MCE banks
[    1.791977] RAS: Correctable Errors collector initialized.
[    1.794298] sched_clock: Marking stable (1794227033, 0)->(4301632059, -2507405026)
[    1.796994] registered taskstats version 1
[    1.798030] Loading compiled-in X.509 certificates
[    1.803429] Loaded X.509 cert 'Build time autogenerated kernel key: af04d57e94487e4500da7630f19b69a59e91d95a'
[    1.807127] Loaded X.509 cert 'Canonical Ltd. Live Patch Signing: 14df34d1a87cf37625abec039ef2bf521249b969'
[    1.812739] Loaded X.509 cert 'Canonical Ltd. Kernel Module Signing: 88f752e560a1e0737e31163a466ad7b70a850c19'
[    1.816972] blacklist: Loading compiled-in revocation X.509 certificates
[    1.819470] Loaded X.509 cert 'Canonical Ltd. Secure Boot Signing: 61482aa2830d0ab2ad5af10b7250da9033ddcef0'
[    1.833944] zswap: loaded using pool lzo/zbud
[    1.841823] Key type big_key registered
[    1.846872] Key type trusted registered
[    1.849842] Key type encrypted registered
[    1.851835] AppArmor: AppArmor sha1 policy hashing enabled
[    1.856370] ima: No TPM chip found, activating TPM-bypass! (rc=-19)
[    1.858115] ima: Allocated hash algorithm: sha1
[    1.859832] evm: HMAC attrs: 0x1
[    1.861943]   Magic number: 6:624:891
[    1.863231] event_source msr: hash matches
[    1.864579] rtc_cmos rtc_cmos: setting system clock to 2022-09-09 15:53:18 UTC (1662738798)
[    1.867571] BIOS EDD facility v0.16 2004-Jun-25, 0 devices found
[    1.869245] EDD information not available.
[    1.874658] Freeing unused kernel image memory: 2468K
[    1.900646] Write protecting the kernel read-only data: 20480k
[    1.909555] Freeing unused kernel image memory: 2008K
[    1.912308] Freeing unused kernel image memory: 1820K
[    1.923172] x86/mm: Checked W+X mappings: passed, no W+X pages found.
[    1.926616] x86/mm: Checking user space page tables
[    1.943033] x86/mm: Checked W+X mappings: passed, no W+X pages found.
Loading, please wait...
starting version 237
[    2.103278] e1000: Intel(R) PRO/1000 Network Driver - version 7.3.21-k8-NAPI
[    2.107724] e1000: Copyright (c) 1999-2006 Intel Corporation.
[    2.116758] Fusion MPT base driver 3.04.20
[    2.118581] Copyright (c) 1999-2008 LSI Corporation
[    2.159924] Fusion MPT SPI Host driver 3.04.20
[    2.203636] AVX2 version of gcm_enc/dec engaged.
[    2.205494] AES CTR mode by8 optimization enabled
[    2.342294] random: fast init done
[    2.344001] input: ImExPS/2 Generic Explorer Mouse as /devices/platform/i8042/serio1/input/input4
[    2.350387] random: systemd-udevd: uninitialized urandom read (16 bytes read)
[    2.361391] random: systemd-udevd: uninitialized urandom read (16 bytes read)
[    2.363820] random: systemd-udevd: uninitialized urandom read (16 bytes read)
[    2.770104] e1000 0000:00:03.0 eth0: (PCI:33MHz:32-bit) 02:a0:66:c7:c8:08
[    2.784141] e1000 0000:00:03.0 eth0: Intel(R) PRO/1000 Network Connection
[    2.800722] mptbase: ioc0: Initiating bringup
[    2.897877] ioc0: LSI53C1030 A0: Capabilities={Initiator}
[    3.158767] scsi host2: ioc0: LSI53C1030 A0, FwRev=00000000h, Ports=1, MaxQ=256, IRQ=20
[    3.332661] scsi 2:0:0:0: Direct-Access     VBOX     HARDDISK         1.0  PQ: 0 ANSI: 5
[    3.342415] scsi target2:0:0: Beginning Domain Validation
[    3.346700] scsi target2:0:0: Domain Validation skipping write tests
[    3.348334] scsi target2:0:0: Ending Domain Validation
[    3.349769] scsi target2:0:0: asynchronous
[    3.351255] scsi 2:0:1:0: Direct-Access     VBOX     HARDDISK         1.0  PQ: 0 ANSI: 5
[    3.356712] scsi target2:0:1: Beginning Domain Validation
[    3.359783] scsi target2:0:1: Domain Validation skipping write tests
[    3.362885] scsi target2:0:1: Ending Domain Validation
[    3.364981] scsi target2:0:1: asynchronous
[    3.376172] sd 2:0:0:0: Attached scsi generic sg0 type 0
[    3.387556] sd 2:0:0:0: [sda] 83886080 512-byte logical blocks: (42.9 GB/40.0 GiB)
[    3.391470] sd 2:0:1:0: Attached scsi generic sg1 type 0
[    3.394101] sd 2:0:0:0: [sda] Write Protect is off
[    3.396259] sd 2:0:1:0: [sdb] 20480 512-byte logical blocks: (10.5 MB/10.0 MiB)
[    3.398283] sd 2:0:1:0: [sdb] Write Protect is off
[    3.400215] sd 2:0:0:0: [sda] Incomplete mode parameter data
[    3.403052] sd 2:0:0:0: [sda] Assuming drive cache: write through
[    3.411437] sd 2:0:1:0: [sdb] Incomplete mode parameter data
[    3.414909] sd 2:0:1:0: [sdb] Assuming drive cache: write through
[    3.431122]  sda: sda1
[    3.443154] sd 2:0:0:0: [sda] Attached SCSI disk
[    3.448408] sd 2:0:1:0: [sdb] Attached SCSI disk
[    3.917827] e1000 0000:00:08.0 eth1: (PCI:33MHz:32-bit) 08:00:27:42:e9:61
[    3.920664] e1000 0000:00:08.0 eth1: Intel(R) PRO/1000 Network Connection
[    3.925975] e1000 0000:00:08.0 enp0s8: renamed from eth1
[    3.935521] e1000 0000:00:03.0 enp0s3: renamed from eth0
Begin: Loading essential drivers ... [    5.564063] raid6: sse2x1   gen()  7220 MB/s
[    5.612071] raid6: sse2x1   xor()  5489 MB/s
[    5.664260] raid6: sse2x2   gen() 10053 MB/s
[    5.713228] raid6: sse2x2   xor()  6722 MB/s
[    5.764084] raid6: sse2x4   gen() 10599 MB/s
[    5.812085] raid6: sse2x4   xor()  6995 MB/s
[    5.860067] raid6: avx2x1   gen() 12783 MB/s
[    5.908104] raid6: avx2x1   xor() 10011 MB/s
[    5.956098] raid6: avx2x2   gen() 16726 MB/s
[    6.004255] raid6: avx2x2   xor() 11073 MB/s
[    6.052877] raid6: avx2x4   gen() 21464 MB/s
[    6.100057] raid6: avx2x4   xor() 11301 MB/s
[    6.101411] raid6: using algorithm avx2x4 gen() 21464 MB/s
[    6.103716] raid6: .... xor() 11301 MB/s, rmw enabled
[    6.107287] raid6: using avx2x2 recovery algorithm
[    6.121040] xor: automatically using best checksumming function   avx       
[    6.126678] async_tx: api initialized (async)
done.
Begin: Running /scripts/init-premount ... done.
Begin: Mounting root file system ... Begin: Running /scripts/local-top ... done.
Begin: Running /scripts/local-premount ... [    6.225554] Btrfs loaded, crc32c=crc32c-intel
Scanning for Btrfs filesystems
done.
Warning: fsck not present, so skipping root file system
[    6.284940] EXT4-fs (sda1): mounted filesystem with ordered data mode. Opts: (null)
done.
Begin: Running /scripts/local-bottom ... done.
Begin: Running /scripts/init-bottom ... done.
[    6.661729] ip_tables: (C) 2000-2006 Netfilter Core Team
[    6.683970] systemd[1]: systemd 237 running in system mode. (+PAM +AUDIT +SELINUX +IMA +APPARMOR +SMACK +SYSVINIT +UTMP +LIBCRYPTSETUP +GCRYPT +GNUTLS +ACL +XZ +LZ4 +SECCOMP +BLKID +ELFUTILS +KMOD -IDN2 +IDN -PCRE2 default-hierarchy=hybrid)
[    6.701509] systemd[1]: Detected virtualization oracle.
[    6.703296] systemd[1]: Detected architecture x86-64.

Welcome to [1mUbuntu 18.04.6 LTS[0m!

[    6.716570] systemd[1]: Set hostname to <ubuntu>.
[    6.722717] systemd[1]: Initializing machine ID from random generator.
[    6.726483] systemd[1]: Installed transient /etc/machine-id file.
[    7.311160] systemd[1]: Started Forward Password Requests to Wall Directory Watch.
[[0;32m  OK  [0m] Started Forward Password Requests to Wall Directory Watch.
[    7.343060] systemd[1]: Reached target Swap.
[[0;32m  OK  [0m] Reached target Swap.
[    7.361955] systemd[1]: Reached target System Time Synchronized.
[[0;32m  OK  [0m] Reached target System Time Synchronized.
[    7.390285] systemd[1]: Created slice System Slice.
[[0;32m  OK  [0m] Created slice System Slice.
[[0;32m  OK  [0m] Listening on Journal Socket (/dev/log).
[[0;32m  OK  [0m] Listening on Syslog Socket.
[[0;32m  OK  [0m] Listening on Device-mapper event daemon FIFOs.
[[0;32m  OK  [0m] Created slice system-serial\x2dgetty.slice.
[[0;32m  OK  [0m] Created slice User and Session Slice.
[[0;32m  OK  [0m] Reached target Slices.
[[0;32m  OK  [0m] Listening on Journal Audit Socket.
[[0;32m  OK  [0m] Listening on udev Control Socket.
[[0;32m  OK  [0m] Listening on LVM2 metadata daemon socket.
[[0;32m  OK  [0m] Reached target User and Group Name Lookups.
[[0;32m  OK  [0m] Listening on Journal Socket.
         Mounting Kernel Debug File System...
         Starting Journal Service...
         Starting Set the console keyboard layout...
         Starting Monitoring of LVM2 mirrorsâ€¦ng dmeventd or progress polling...
         Starting Uncomplicated firewall...
         Mounting POSIX Message Queue File System...
         Mounting Huge Pages File System...
         Starting Create list of required stâ€¦ce nodes for the current kernel...
         Starting Load Kernel Modules...
[[0;32m  OK  [0m] Listening on LVM2 poll daemon socket.
[[0;32m  OK  [0m] Listening on udev Kernel Socket.
         Starting udev Coldplug all Devices...
[[0;32m  OK  [0m] Set up automount Arbitrary Executabâ€¦rmats File System Automount Point.
[[0;32m  OK  [0m] Listening on fsck to fsckd communication Socket.
[[0;32m  OK  [0m] Listening on Network Service Netlink Socket.
         Starting File System Check on Root Device...
[[0;32m  OK  [0m] Listening on /dev/initctl Compatibility Named Pipe.
[[0;32m  OK  [0m] Mounted Kernel Debug File System.
[[0;32m  OK  [0m] Started Uncomplicated firewall.
[[0;32m  OK  [0m] Mounted POSIX Message Queue File System.
[    7.712001] Loading iSCSI transport class v2.0-870.
[[0;32m  OK  [0m] Started Journal Service.
[[0;32m  OK  [0m] Mounted Huge Pages File System.
[[0;32m  OK  [0m] Started Create list of required staâ€¦vice nodes for the current kernel.
[[0;32m  OK  [0m] Started File System Check Daemon to report status.
[[0;32m  OK  [0m] Started LVM2 metadata daemon.
         Starting Create Static Device Nodes in /dev...
[[0;32m  OK  [0m] Started Create Static Device Nodes in /dev.
[    7.952915] random: crng init done
[    7.954379] random: 7 urandom warning(s) missed due to ratelimiting
[[0;32m  OK  [0m] Started Monitoring of LVM2 mirrors,â€¦sing dmeventd or progress polling.
[[0;32m  OK  [0m] Started File System Check on Root Device.
         Starting Remount Root and Kernel File Systems...
[    8.011472] iscsi: registered transport (tcp)
[    8.019490] EXT4-fs (sda1): re-mounted. Opts: (null)
[[0;32m  OK  [0m] Started Remount Root and Kernel File Systems.
         Starting udev Kernel Device Manager...
         Starting Load/Save Random Seed...
         Starting Flush Journal to Persistent Storage...
[    8.088471] systemd-journald[391]: Received request to flush runtime journal from PID 1
[[0;32m  OK  [0m] Started Load/Save Random Seed.
[[0;32m  OK  [0m] Started udev Coldplug all Devices.
[[0;32m  OK  [0m] Started udev Kernel Device Manager.
[    8.189236] iscsi: registered transport (iser)
[[0;32m  OK  [0m] Started Load Kernel Modules.
         Mounting FUSE Control File System...
         Mounting Kernel Configuration File System...
         Starting Apply Kernel Variables...
[[0;32m  OK  [0m] Mounted FUSE Control File System.
[[0;32m  OK  [0m] Started Flush Journal to Persistent Storage.
[[0;32m  OK  [0m] Mounted Kernel Configuration File System.
[[0;32m  OK  [0m] Started Apply Kernel Variables.
[[0;32m  OK  [0m] Found device /dev/ttyS0.
[[0;32m  OK  [0m] Listening on Load/Save RF Kill Switch Status /dev/rfkill Watch.
[[0;32m  OK  [0m] Started Set the console keyboard layout.
[[0;32m  OK  [0m] Reached target Local File Systems (Pre).
[[0;32m  OK  [0m] Reached target Local File Systems.
         Starting ebtables ruleset management...
         Starting AppArmor initialization...
         Starting Commit a transient machine-id on disk...
         Starting Set console font and keymap...
         Starting Create Volatile Files and Directories...
         Starting Tell Plymouth To Write Out Runtime Data...
[[0;32m  OK  [0m] Started Dispatch Password Requests to Console Directory Watch.
[[0;32m  OK  [0m] Reached target Local Encrypted Volumes.
[[0;32m  OK  [0m] Started Tell Plymouth To Write Out Runtime Data.
[[0;32m  OK  [0m] Started Commit a transient machine-id on disk.
[[0;32m  OK  [0m] Started Create Volatile Files and Directories.
         Starting Update UTMP about System Boot/Shutdown...
[[0;32m  OK  [0m] Started Update UTMP about System Boot/Shutdown.
[[0;32m  OK  [0m] Started ebtables ruleset management.
[[0;32m  OK  [0m] Started AppArmor initialization.
         Starting Load AppArmor profiles managed internally by snapd...
         Starting Initial cloud-init job (pre-networking)...
[[0;32m  OK  [0m] Started Load AppArmor profiles managed internally by snapd.
[[0;32m  OK  [0m] Started Set console font and keymap.
[   16.948863] cloud-init[756]: Cloud-init v. 22.2-0ubuntu1~18.04.3 running 'init-local' at Fri, 09 Sep 2022 15:53:32 +0000. Up 16.27 seconds.
[[0;32m  OK  [0m] Started Initial cloud-init job (pre-networking).
[[0;32m  OK  [0m] Reached target Network (Pre).
         Starting Network Service...
[[0;32m  OK  [0m] Started Network Service.
         Starting Network Name Resolution...
         Starting Wait for Network to be Configured...
[[0;32m  OK  [0m] Started Network Name Resolution.
[[0;32m  OK  [0m] Reached target Network.
[[0;32m  OK  [0m] Reached target Host and Network Name Lookups.
[[0;32m  OK  [0m] Started Wait for Network to be Configured.
         Starting Initial cloud-init job (metadata service crawler)...
[   20.118950] cloud-init[860]: Cloud-init v. 22.2-0ubuntu1~18.04.3 running 'init' at Fri, 09 Sep 2022 15:53:36 +0000. Up 19.79 seconds.
[   20.127833] cloud-init[860]: ci-info: ++++++++++++++++++++++++++++++++++++++Net device info+++++++++++++++++++++++++++++++++++++++
[   20.136315] cloud-init[860]: ci-info: +--------+-------+----------------------------+---------------+--------+-------------------+
[   20.141109] cloud-init[860]: ci-info: | Device |   Up  |          Address           |      Mask     | Scope  |     Hw-Address    |
[   20.164606] cloud-init[860]: ci-info: +--------+-------+----------------------------+---------------+--------+-------------------+
[   20.189342] cloud-init[860]: ci-info: | enp0s3 |  True |         10.0.2.15          | 255.255.255.0 | global | 02:a0:66:c7:c8:08 |
[   20.198861] cloud-init[860]: ci-info: | enp0s3 |  True | fe80::a0:66ff:fec7:c808/64 |       .       |  link  | 02:a0:66:c7:c8:08 |
[   20.219326] cloud-init[860]: ci-info: | enp0s8 | False |             .              |       .       |   .    | 08:00:27:42:e9:61 |
[   20.265406] cloud-init[860]: ci-info: |   lo   |  True |         127.0.0.1          |   255.0.0.0   |  host  |         .         |
[   20.292961] cloud-init[860]: ci-info: |   lo   |  True |          ::1/128           |       .       |  host  |         .         |
[   20.309563] cloud-init[860]: ci-info: +--------+-------+----------------------------+---------------+--------+-------------------+
[   20.339168] cloud-init[860]: ci-info: ++++++++++++++++++++++++++++Route IPv4 info+++++++++++++++++++++++++++++
[   20.384383] cloud-init[860]: ci-info: +-------+-------------+----------+-----------------+-----------+-------+
[   20.404750] cloud-init[860]: ci-info: | Route | Destination | Gateway  |     Genmask     | Interface | Flags |
[   20.410804] cloud-init[860]: ci-info: +-------+-------------+----------+-----------------+-----------+-------+
[   20.424238] cloud-init[860]: ci-info: |   0   |   0.0.0.0   | 10.0.2.2 |     0.0.0.0     |   enp0s3  |   UG  |
[   20.427089] cloud-init[860]: ci-info: |   1   |   10.0.2.0  | 0.0.0.0  |  255.255.255.0  |   enp0s3  |   U   |
[   20.431595] cloud-init[860]: ci-info: |   2   |   10.0.2.2  | 0.0.0.0  | 255.255.255.255 |   enp0s3  |   UH  |
[   20.436458] cloud-init[860]: ci-info: +-------+-------------+----------+-----------------+-----------+-------+
[   20.439063] cloud-init[860]: ci-info: +++++++++++++++++++Route IPv6 info+++++++++++++++++++
[   20.452336] cloud-init[860]: ci-info: +-------+-------------+---------+-----------+-------+
[   20.456247] cloud-init[860]: ci-info: | Route | Destination | Gateway | Interface | Flags |
[   20.457451] cloud-init[860]: ci-info: +-------+-------------+---------+-----------+-------+
[   20.459385] cloud-init[860]: ci-info: |   1   |  fe80::/64  |    ::   |   enp0s3  |   U   |
[   20.462748] cloud-init[860]: ci-info: |   3   |    local    |    ::   |   enp0s3  |   U   |
[   20.472380] cloud-init[860]: ci-info: |   4   |   ff00::/8  |    ::   |   enp0s3  |   U   |
[   20.476507] cloud-init[860]: ci-info: +-------+-------------+---------+-----------+-------+
[   21.488645] cloud-init[860]: Generating public/private rsa key pair.
[   21.493298] cloud-init[860]: Your identification has been saved in /etc/ssh/ssh_host_rsa_key.
[   21.508370] cloud-init[860]: Your public key has been saved in /etc/ssh/ssh_host_rsa_key.pub.
[   21.512431] cloud-init[860]: The key fingerprint is:
[   21.517313] cloud-init[860]: SHA256:ndYbJ6k3kmWbhBkwMtlqRQhTnqChHlLxf2CVua3vcEo root@ubuntu-bionic
[   21.540640] cloud-init[860]: The key's randomart image is:
[   21.549852] cloud-init[860]: +---[RSA 2048]----+
[   21.560309] cloud-init[860]: |  +.+o+==o       |
[   21.572434] cloud-init[860]: | o + +o==o       |
[   21.574994] cloud-init[860]: |o.. . =o o.      |
[   21.588994] cloud-init[860]: |o .  oo....* .   |
[   21.600639] cloud-init[860]: | .   .. S.* O .  |
[   21.617080] cloud-init[860]: |       ... * B   |
[   21.628709] cloud-init[860]: |        E.= *    |
[   21.641961] cloud-init[860]: |       . +.o .   |
[   21.660556] cloud-init[860]: |        ...      |
[   21.696477] cloud-init[860]: +----[SHA256]-----+
[   21.710940] cloud-init[860]: Generating public/private dsa key pair.
[   21.728980] cloud-init[860]: Your identification has been saved in /etc/ssh/ssh_host_dsa_key.
[   21.732945] cloud-init[860]: Your public key has been saved in /etc/ssh/ssh_host_dsa_key.pub.
[   21.743133] cloud-init[860]: The key fingerprint is:
[   21.747904] cloud-init[860]: SHA256:bQPNbXpiItHmcB5C0WF3qwSDWQR+Cj4rJENG+adWP0E root@ubuntu-bionic
[   21.751010] cloud-init[860]: The key's randomart image is:
[   21.752940] cloud-init[860]: +---[DSA 1024]----+
[   21.757387] cloud-init[860]: | ..   +OB.. .    |
[   21.759708] cloud-init[860]: |..   ooE.* o .   |
[   21.761454] cloud-init[860]: | o. . * B + +    |
[[0;32m  OK  [0m] Started Initial cloud-init job (metadata service crawler).
[[0;32m  OK  [0m] Reached target Cloud-config availability.
[[0;32m  OK  [0m] Reached target Network is Online.
[   21.767319] cloud-init[[0;32m  OK  [0m] Reached target Remote File Systems (Pre).
[[0;32m  OK  [0m] Reached target Remote File Systems.
[860]: |o  o + % = +     |
[   21.817823] cloud-init[860]: |o . * + S O .    |
[   21.819681] cloud-init[860]: | + o o + + +     |
         Starting Availability of block devices...
[[0;32m  OK  [0m[   21.824587] cloud-init[860]: |  o .   .        |
[   21.826111] cloud-init[860]: |   .             |
[   21.826498] cloud-init[860]: |                 |
[   21.826617] cloud-init[860]: +----[SHA256]-----+
] Reached target System Initialization.
         Starting LXD - unix socket.[   21.826727] cloud-init[860]: Generating public/private ecdsa key pair.
[   21.838105] cloud-init[860]: Your identification has been saved in /etc/ssh/ssh_host_ecdsa_key.
[   21.838282] cloud-init[860]: Your public key has been saved in /etc/ssh/ssh_host_ecdsa_key.pub.

[[0;32m  OK  [0m] Started Daily Cleanup of Temporary Directories.
[[0;32m  OK  [0m] Started Daily apt download activities.
[[0;32m  OK  [0m] Started Discard unused blocks once a week.
[[0;32m  OK  [0m] Started Ubuntu Advantage Timer for running repeated jobs.
[   21.857332] cloud-init[860]: The key fingerprint is:
[[0;32m  OK  [0m] Listening on cloud-init hotplug hook socket.
[   21.879794] cloud-init[860]: SHA256:wkY9KtfolCoPB8APK1wGgiKjeQAXp+xNxfPaCPnvkXM root@ubuntu-bionic
[   21.883536] [[0;32m  OK  [0m] Started ACPI Events Check.
[[0;32m  OK  [0m] Started Daily apt upgrade and clean activities.
cloud-init[860]: The key's randomart image is:
[   21.888983] cloud-init[860]: +---[ECDSA 256]---+
[[0;32m  OK  [0m[   21.894559] cloud-init[860]: |=.o....          |
[   21.895421] cloud-init[860]: |Oo.o .o.         |
[   21.895548] cloud-init[860]: |=*oo...oo        |
] Reached target Paths.
         Starting Socket activation for snappy daemon.
[   21.896402] cloud-init[860]: |+oBooo =..       |
[[0;32m  OK  [0m] Started Message of the Day.
[[0;32m  OK  [0m] Reached target Timers.
[   21.922745] cloud-init[860]: |.+o.ooX+S        |[[0;32m  OK  [0m] Listening on D-Bus System Message Bus Socket.
[[0;32m  OK  [0m
[   21.929126] cloud-init[860]: |.  . B+...       |
[   21.930925] ] Listening on UUID daemon activation socket.
[[0;32m  OK  [0m] Listening on ACPID Listen Socket.
cloud-init[860]: |  o o ..+ E      |
[   21.952615] cloud-init[860]: |   =    .+       |
[[0;32m  OK  [0m] Listening on Open-iSCSI iscsid Socket.
[   21.957667] cloud-init[860]: |    .  ..        |
[   21.968938] cloud-init[860]: +----[SHA256]-----+
[[0;32m  OK  [0m] Started Availability of block devices.
[   21.972258] cloud-init[860]: Generating public/private ed25519 key pair.
[   21.973624] cloud-init[860]: Your identification has been saved in /etc/ssh/ssh_host_ed25519_key.[[0;32m  OK  [0m] Listening on LXD - unix socket.
[[0;32m  OK  [0m] Listening on Socket activation for snappy daemon.
[[0;32m  OK  [0m] Reached target Sockets.
[[0;32m  OK  [0m] Reached target Basic System.
         Starting Dispatcher daemon for systemd-networkd...

[   21.992608] cloud-init[860]: Your public key has been saved in /etc/ssh/ssh_host_ed25519_key.pub.
[[0;32m  OK  [0m] Started Regular background program processing daemon.
[[0;32m  OK  [0m] Started FUSE filesystem for LXC.
[   22.013765] cloud-init[860]: The key fingerprint is:
[   22.036373] cloud-init[860]: SHA256:GZ35+Q5EpvbvSfMxr4jrC6fWDI46MqiAN/5druruu58 root@ubuntu-bionic
[   22.040967] [[0;32m  OK  [0m] Started D-Bus System Message Bus.
cloud-init[860]: The key's randomart image is:
[   22.057088] cloud-init[860]: +--[ED25519 256]--+
[   22.068520] cloud-init[860]: |                 |
[   22.074606] cloud-init[860]: |         . o     |
[   22.076236] cloud-init[860]: |        . + o    |
[   22.084669] cloud-init[860]: |         o = .   |
[   22.090601] cloud-init[860]: |        S o +    |
[   22.093662] cloud-init[860]: |.       .. o .   |
[   22.113216] cloud-init[860]: |o.o    oo+. o +o |
[   22.117367] cloud-init[860]: |ooo....+o+o. * ++|
[   22.123673] cloud-init[860]: |o .BXBEoo.=o..*.o|
[[0;32m  OK  [0m] Started Deferred execution scheduler.
[   22.143346]          Starting Permit User Sessions...
cloud-init[860]: +----[SHA256]-----+
         Starting System Logging Service...
         Starting Accounts Service...
         Starting Snap Daemon...
[[0;32m  OK  [0m] Started irqbalance daemon.
         Starting LSB: automatic crash report generation...
         Starting Pollinate to seed the pseudo random number generator...
         Starting LSB: Record successful boot for GRUB...
         Starting Login Service...
         Starting Virtualbox guest utils...
         Starting LXD - container startup/shutdown...
[[0;32m  OK  [0m] Started System Logging Service.
[[0;32m  OK  [0m] Started Permit User Sessions.
         Starting Hold until boot process finishes up...
         Starting Terminate Plymouth Boot Screen...
[[0;32m  OK  [0m] Started Hold until boot process finishes up.
         Starting Set console scheme...
[[0;32m  OK  [0m] Started Serial Getty on ttyS0.
[[0;32m  OK  [0m] Started Set console scheme.
[[0;32m  OK  [0m] Started Terminate Plymouth Boot Screen.
[[0;32m  OK  [0m] Created slice system-getty.slice.
[[0;32m  OK  [0m] Started Getty on tty1.
[[0;32m  OK  [0m] Reached target Login Prompts.
         Starting Authorization Manager...
[[0;32m  OK  [0m] Started LSB: automatic crash report generation.
[[0;32m  OK  [0m] Started Login Service.
[[0;32m  OK  [0m] Started Unattended Upgrades Shutdown.
[[0;32m  OK  [0m] Started LSB: Record successful boot for GRUB.
[[0;32m  OK  [0m] Started Authorization Manager.
[[0;32m  OK  [0m] Started Accounts Service.
[[0;32m  OK  [0m] Started Virtualbox guest utils.
[[0;32m  OK  [0m] Started LXD - container startup/shutdown.
[[0;32m  OK  [0m] Started Dispatcher daemon for systemd-networkd.
[[0;32m  OK  [0m] Started Snap Daemon.
         Starting Wait until snapd is fully seeded...

Ubuntu 18.04.6 LTS ubuntu-bionic ttyS0

ubuntu-bionic login: [   34.949159] cloud-init[1130]: Cloud-init v. 22.2-0ubuntu1~18.04.3 running 'modules:config' at Fri, 09 Sep 2022 15:53:49 +0000. Up 32.65 seconds.
ci-info: no authorized SSH keys fingerprints found for user ubuntu.
<14>Sep  9 15:53:56 cloud-init: #############################################################
<14>Sep  9 15:53:56 cloud-init: -----BEGIN SSH HOST KEY FINGERPRINTS-----
<14>Sep  9 15:53:56 cloud-init: 1024 SHA256:bQPNbXpiItHmcB5C0WF3qwSDWQR+Cj4rJENG+adWP0E root@ubuntu-bionic (DSA)
<14>Sep  9 15:53:56 cloud-init: 256 SHA256:wkY9KtfolCoPB8APK1wGgiKjeQAXp+xNxfPaCPnvkXM root@ubuntu-bionic (ECDSA)
<14>Sep  9 15:53:56 cloud-init: 256 SHA256:GZ35+Q5EpvbvSfMxr4jrC6fWDI46MqiAN/5druruu58 root@ubuntu-bionic (ED25519)
<14>Sep  9 15:53:56 cloud-init: 2048 SHA256:ndYbJ6k3kmWbhBkwMtlqRQhTnqChHlLxf2CVua3vcEo root@ubuntu-bionic (RSA)
<14>Sep  9 15:53:56 cloud-init: -----END SSH HOST KEY FINGERPRINTS-----
<14>Sep  9 15:53:56 cloud-init: #############################################################
-----BEGIN SSH HOST KEY KEYS-----
ecdsa-sha2-nistp256 AAAAE2VjZHNhLXNoYTItbmlzdHAyNTYAAAAIbmlzdHAyNTYAAABBBDRCMYygNP7Ub7o/FIbK+F1JQtw9i0lwrzhq09HZrN28jF7QFxNu0+/zab2Hzmkn+G8GX3/BBib0polvT8BCbbc= root@ubuntu-bionic
ssh-ed25519 AAAAC3NzaC1lZDI1NTE5AAAAIDKKhT0b0JQvUUioSaDFTBZI29EZp0ebZAY3+2zm6nK4 root@ubuntu-bionic
ssh-rsa AAAAB3NzaC1yc2EAAAADAQABAAABAQDSOVyP0wGaMeHwGsSwbI/6Wn1Nq0uFFAXudGqaP9ugi3/A1PDzFbITJDZAUT9RoLNL46CEDdOW4GWxcrxhS96uxL0vrBOWuONAKFu+Uz+hAuUSoJbYB+QpGg9T+gDEjEEOQtGM0GS9fuQC9HWaGFNqQgY/UqvtHtFc7wR3+ZXFDDExNAZQfnu04dILNwGRa+W6CrbaCuXNiGjma3InjU+2Xb4Kxyn2b/wuJB1WpfWsOOtfN7U3MBy6phpByfzhzmmP4e9ICU7p5SCj2aGxjZkViFN1FL8R0LFf4Kz7r5FW1dgaxm1H4sY2kjWd615VbBy5lBuJGQEVDkDEr0oxWGob root@ubuntu-bionic
-----END SSH HOST KEY KEYS-----
[   39.823223] cloud-init[1203]: Cloud-init v. 22.2-0ubuntu1~18.04.3 running 'modules:final' at Fri, 09 Sep 2022 15:53:55 +0000. Up 38.85 seconds.
[   39.831679] cloud-init[1203]: Cloud-init v. 22.2-0ubuntu1~18.04.3 finished at Fri, 09 Sep 2022 15:53:56 +0000. Datasource DataSourceNoCloud [seed=/dev/sdb][dsmode=net].  Up 39.79 seconds
